Video: Daily/2026-05-25_40_tupperware-party-thats-over/final_short.mp4 (12.4 MB)
Title: Tupperware Fired the Woman Who Built It #Shorts
Privacy: private (you flip after QC)

Authenticating with YouTube…
Uploading final_short.mp4…
  upload progress: 8%
  upload progress: 16%
  upload progress: 24%
  upload progress: 32%
  upload progress: 40%
  upload progress: 48%
  upload progress: 56%
  upload progress: 64%
  upload progress: 72%
  upload progress: 80%
  upload progress: 88%
  upload progress: 96%

✓ Uploaded: https://www.youtube.com/watch?v=F3EqCet9zFw
  Studio:   https://studio.youtube.com/video/F3EqCet9zFw/edit
  Short URL: https://www.youtube.com/shorts/F3EqCet9zFw
